╔═Card Title═══════════════════════════════════════════════════════════════════╗
║Welcome                                                                       ║
║                                                                              ║
║                                                                              ║
║                                                                              ║
║                                                                              ║
║                                                                              ║
║                                                                              ║
║This is a card with multiple elements.                                        ║
║                                                                              ║
║                                                                              ║
║                                                                              ║
║                                                                              ║
║                                                                              ║
║                                                                              ║
║[OK]                                                [Cancel]                  ║
║                                                                              ║
║                                                                              ║
║                                                                              ║
║                                                                              ║
║                                                                              ║
║                                                                              ║
║                                                                              ║
╚══════════════════════════════════════════════════════════════════════════════╝