╔═Dashboard════════════════════════════════════════════════╗
║Application Status: Running                               ║
║                                                          ║
║                                                          ║
║                                                          ║
║                                                          ║
║                                                          ║
║                                                          ║
║                                                          ║
╚══════════════════════════════════════════════════════════╝
┌─Stats──────────────────────┐┌─Logs───────────────────────┐
│CPU: 45%                    ││[INFO] Server started       │
│                            ││                            │
│Memory: 2.1GB               ││[OK] Connected              │
│                            ││                            │
│Uptime: 2h 15m              ││[ERR] Failed to load        │
│                            ││                            │
│                            ││                            │
│                            ││                            │
└────────────────────────────┘└────────────────────────────┘