┌─Login Form───────────────────────────────────────────────────────────────────┐
│Username:                                                                     │
│                                                                              │
│                                                                              │
│┌────────────────────────────────────────────────────────────────────────────┐│
│└────────────────────────────────────────────────────────────────────────────┘│
│                                                                              │
│Password:                                                                     │
│                                                                              │
│                                                                              │
│┌────────────────────────────────────────────────────────────────────────────┐│
│└────────────────────────────────────────────────────────────────────────────┘│
│                                                                              │
│                                                                              │
│                                                                              │
│                                                                              │
│[Login]                                                                       │
│                                                                              │
│                                                                              │
│                                                                              │
│                                                                              │
│                                                                              │
│                                                                              │
└──────────────────────────────────────────────────────────────────────────────┘