╔═Large Terminal═══════════════════════════════════════════════════════════════════════════════════════════════════════╗
║This is a large terminal with plenty of space.                                                                        ║
║                                                                                                                      ║
║                                                                                                                      ║
║                                                                                                                      ║
║                                                                                                                      ║
║                                                                                                                      ║
║                                                                                                                      ║
║We can fit much more content here.                                                                                    ║
║                                                                                                                      ║
║                                                                                                                      ║
║                                                                                                                      ║
║                                                                                                                      ║
║                                                                                                                      ║
║                                                                                                                      ║
║Line 3                                                                                                                ║
║                                                                                                                      ║
║                                                                                                                      ║
║                                                                                                                      ║
║                                                                                                                      ║
║                                                                                                                      ║
║                                                                                                                      ║
║Line 4                                                                                                                ║
║                                                                                                                      ║
║                                                                                                                      ║
║                                                                                                                      ║
║                                                                                                                      ║
║                                                                                                                      ║
║                                                                                                                      ║
║Line 5                                                                                                                ║
║                                                                                                                      ║
║                                                                                                                      ║
║                                                                                                                      ║
║                                                                                                                      ║
║                                                                                                                      ║
║                                                                                                                      ║
║                                                                                                                      ║
║                                                                                                                      ║
║                                                                                                                      ║
╚══════════════════════════════════════════════════════════════════════════════════════════════════════════════════════╝