                            System Metrics
  ─ CPU   ─ Memory
   75.0 ┄┄┄┄┄┄┄┄┄┄┄┄┄┄┄┄┄┄┄┄┄┄┄┄┄┄┄┄┄┄┄┄┄┄┄┄┄┄┄┄┄┄┄┄┄┄┄┄┄┄┄┄┄┄┄┄┄┄┄┄┄

                                       ─────────●───────────────────●
   60.0 ┄┄┄┄┄┄┄┄┄┄┄─────────●──────────┄┄┄┄┄┄┄┄┄┄┄┄┄┄┄┄┄┄┄┄┄┄┄┄┄┄┄┄┄┄
        ●──────────

                                                                 ───●
   45.0 ┄┄┄┄┄┄┄┄┄┄┄┄┄┄┄┄┄┄┄┄┄┄┄┄┄┄┄┄┄┄┄┄┄┄┄┄┄┄┄┄┄┄┄┄┄┄┄┄┄┄┄──────┄┄┄┄
                          ──●──────────             ───────
                     ─────             ─────────●───
   30.0 ┄┄┄┄┄┄┄┄─────┄┄┄┄┄┄┄┄┄┄┄┄┄┄┄┄┄┄┄┄┄┄┄┄┄┄┄┄┄┄┄┄┄┄┄┄┄┄┄┄┄┄┄┄┄┄┄┄
           ─────
        ●──

   15.0 ─────────────────────────────────────────────────────────────
    00:00:00       00:00:00       00:00:01       00:00:02       00:00: