
                                                     ╭────────────────────────╮
                                                     │ ✓ Operation completed! │
                                                     ╰────────────────────────╯



                                                        ╭─────────────────────╮
                                                        │ ✗ An error occurred │
                                                        ╰─────────────────────╯



                                                  ╭───────────────────────────╮
                                                  │ ⚠ Please check your input │
                                                  ╰───────────────────────────╯



                                                    ╭─────────────────────────╮
                                                    │ ℹ New updates available │
                                                    ╰─────────────────────────╯